<object-stream>
<org.drools.audit.event.ObjectLogEvent>
  <type>1</type>
  <factId>1</factId>
  <objectToString>pup.thesis.console.Applicant@7340be40</objectToString>
</org.drools.audit.event.ObjectLogEvent>
<org.drools.audit.event.ActivationLogEvent>
  <type>4</type>
  <activationId>Is of valid age [2, 1]</activationId>
  <rule>Is of valid age</rule>
  <declarations>$a=pup.thesis.console.Application@55a76fe3(2)</declarations>
</org.drools.audit.event.ActivationLogEvent>
<org.drools.audit.event.ObjectLogEvent>
  <type>1</type>
  <factId>2</factId>
  <objectToString>pup.thesis.console.Application@55a76fe3</objectToString>
</org.drools.audit.event.ObjectLogEvent>
<org.drools.audit.event.ActivationLogEvent>
  <type>6</type>
  <activationId>Is of valid age [2, 1]</activationId>
  <rule>Is of valid age</rule>
  <declarations>$a=pup.thesis.console.Application@55a76fe3(2)</declarations>
</org.drools.audit.event.ActivationLogEvent>
<org.drools.audit.event.ActivationLogEvent>
  <type>7</type>
  <activationId>Is of valid age [2, 1]</activationId>
  <rule>Is of valid age</rule>
  <declarations>$a=pup.thesis.console.Application@55a76fe3(2)</declarations>
</org.drools.audit.event.ActivationLogEvent>
</object-stream>
